 python batch.py ./manifolds/ --json survey.json --csv survey.csv --detail
Loading 14 file(s) ...
  manifolds_lex_d2_n10_o0_g3.txt: 11784 blocks, 11784 surfaces (6.9s)
  manifolds_lex_d2_n10_o0_g4.txt: 13657 blocks, 13657 surfaces (8.7s)
  manifolds_lex_d2_n10_o0_g6.txt: 1022 blocks, 1022 surfaces (0.9s)
  manifolds_lex_d2_n10_o0_g7.txt: 14 blocks, 14 surfaces (0.1s)
  manifolds_lex_d2_n10_o1_g2.txt: 865 blocks, 865 surfaces (0.6s)
  manifolds_lex_d2_n10_o1_g3.txt: 20 blocks, 20 surfaces (0.0s)
      20000/530278 parsed (156/s, ~3266s left)
      40000/530278 parsed (294/s, ~1670s left)
      60000/530278 parsed (415/s, ~1132s left)
      80000/530278 parsed (524/s, ~860s left)
      100000/530278 parsed (620/s, ~694s left)
      120000/530278 parsed (706/s, ~581s left)
      140000/530278 parsed (783/s, ~498s left)
      160000/530278 parsed (854/s, ~433s left)
      180000/530278 parsed (919/s, ~381s left)
      200000/530278 parsed (979/s, ~337s left)
      220000/530278 parsed (1033/s, ~300s left)
      240000/530278 parsed (1082/s, ~268s left)
      260000/530278 parsed (1129/s, ~239s left)
      280000/530278 parsed (1172/s, ~214s left)
      300000/530278 parsed (1211/s, ~190s left)
      320000/530278 parsed (1250/s, ~168s left)
      340000/530278 parsed (1285/s, ~148s left)
      360000/530278 parsed (1319/s, ~129s left)
      380000/530278 parsed (1350/s, ~111s left)
      400000/530278 parsed (1378/s, ~95s left)
      420000/530278 parsed (1405/s, ~78s left)
      440000/530278 parsed (1427/s, ~63s left)
      460000/530278 parsed (1450/s, ~48s left)
      480000/530278 parsed (1474/s, ~34s left)
      500000/530278 parsed (1497/s, ~20s left)
      520000/530278 parsed (1516/s, ~7s left)
  manifolds_lex_d2_n11_o0_g3.txt: 530278 blocks, 530278 surfaces (350.9s)
      20000/113506 parsed (457/s, ~205s left)
      40000/113506 parsed (730/s, ~101s left)
      60000/113506 parsed (914/s, ~59s left)
      80000/113506 parsed (1046/s, ~32s left)
      100000/113506 parsed (1148/s, ~12s left)
  manifolds_lex_d2_n11_o1_g2.txt: 113506 blocks, 113506 surfaces (95.7s)
      20000/65878 parsed (614/s, ~75s left)
      40000/65878 parsed (885/s, ~29s left)
      60000/65878 parsed (1041/s, ~6s left)
  manifolds_lex_d2_n11_o1_g3.txt: 65878 blocks, 65878 surfaces (61.9s)
  manifolds_lex_d2_n11_o1_g4.txt: 821 blocks, 821 surfaces (1.3s)
      20000/605496 parsed (130/s, ~4495s left)
      40000/605496 parsed (244/s, ~2315s left)
      60000/605496 parsed (346/s, ~1578s left)
      80000/605496 parsed (436/s, ~1205s left)
      100000/605496 parsed (517/s, ~978s left)
      120000/605496 parsed (590/s, ~823s left)
      140000/605496 parsed (656/s, ~710s left)
      160000/605496 parsed (716/s, ~622s left)
      180000/605496 parsed (771/s, ~552s left)
      200000/605496 parsed (821/s, ~494s left)
      220000/605496 parsed (867/s, ~445s left)
      240000/605496 parsed (909/s, ~402s left)
      260000/605496 parsed (948/s, ~364s left)
      280000/605496 parsed (986/s, ~330s left)
      300000/605496 parsed (1021/s, ~299s left)
      320000/605496 parsed (1053/s, ~271s left)
      340000/605496 parsed (1083/s, ~245s left)
      360000/605496 parsed (1112/s, ~221s left)
      380000/605496 parsed (1139/s, ~198s left)
      400000/605496 parsed (1165/s, ~176s left)
      420000/605496 parsed (1189/s, ~156s left)
      440000/605496 parsed (1211/s, ~137s left)
      460000/605496 parsed (1232/s, ~118s left)
      480000/605496 parsed (1253/s, ~100s left)
      500000/605496 parsed (1272/s, ~83s left)
      520000/605496 parsed (1289/s, ~66s left)
      540000/605496 parsed (1306/s, ~50s left)
      560000/605496 parsed (1322/s, ~34s left)
      580000/605496 parsed (1338/s, ~19s left)
      600000/605496 parsed (1353/s, ~4s left)
  manifolds_lex_d2_n12_o1_g1.txt: 605496 blocks, 605496 surfaces (450.2s)
  manifolds_lex_d2_n12_o1_g6.txt: 59 blocks, 59 surfaces (2.5s)
  manifolds_lex_d2_n9_o0_g3.txt: 133 blocks, 133 surfaces (0.1s)
  manifolds_lex_d2_n9_o0_g4.txt: 37 blocks, 37 surfaces (0.0s)

COVERAGE  (levels present per surface)
  surface  chi       9     10     11     12
-------------------------------------------
      T^2    0       .      .      . 605496
  Sigma_2   -2       .    865 113506      .
  Sigma_3   -4       .     20  65878      .
  Sigma_4   -6       .      .    821      .
  Sigma_6  -10       .      .      .     59
      N_3   -1     133  11784 530278      .
      N_4   -2      37  13657      .      .
      N_6   -4       .   1022      .      .
      N_7   -5       .     14      .      .

FIBERS COMPUTABLE: 5
    Sigma_2  s_10 : n=10 -> n=11
    Sigma_3  s_10 : n=10 -> n=11
        N_3  s_9 : n=9 -> n=10
        N_3  s_10 : n=10 -> n=11
        N_4  s_9 : n=9 -> n=10

GAPS: 9 level(s) have no successor
        T^2  n=12 present, n=13 missing   -> manifolds_lex_d2_n13_o1_g1.txt
    Sigma_2  n=11 present, n=12 missing   -> manifolds_lex_d2_n12_o1_g2.txt
    Sigma_3  n=11 present, n=12 missing   -> manifolds_lex_d2_n12_o1_g3.txt
    Sigma_4  n=11 present, n=12 missing   -> manifolds_lex_d2_n12_o1_g4.txt
    Sigma_6  n=12 present, n=13 missing   -> manifolds_lex_d2_n13_o1_g6.txt
        N_3  n=11 present, n=12 missing   -> manifolds_lex_d2_n12_o0_g3.txt
        N_4  n=10 present, n=11 missing   -> manifolds_lex_d2_n11_o0_g4.txt
        N_6  n=10 present, n=11 missing   -> manifolds_lex_d2_n11_o0_g6.txt
        N_7  n=10 present, n=11 missing   -> manifolds_lex_d2_n11_o0_g7.txt

Also worth having, to extend each chain downward:
        T^2  has n>=12, minimum is n=7: manifolds_lex_d2_n7_o1_g1.txt, manifolds_lex_d2_n8_o1_g1.txt, manifolds_lex_d2_n9_o1_g1.txt, manifolds_lex_d2_n10_o1_g1.txt, manifolds_lex_d2_n11_o1_g1.txt

    T^2 n=12: 5000/605496 (in component #1, 211/s, ~47.3 min left)
    T^2 n=12: 10000/605496 (in component #1, 203/s, ~48.8 min left)
    T^2 n=12: 15000/605496 (in component #1, 206/s, ~47.8 min left)
    T^2 n=12: 20000/605496 (in component #1, 200/s, ~48.9 min left)
    T^2 n=12: 25000/605496 (in component #1, 197/s, ~49.2 min left)
    T^2 n=12: 30000/605496 (in component #1, 197/s, ~48.8 min left)
    T^2 n=12: 35000/605496 (in component #1, 199/s, ~47.8 min left)
    T^2 n=12: 40000/605496 (in component #1, 197/s, ~47.8 min left)
    T^2 n=12: 45000/605496 (in component #1, 191/s, ~48.9 min left)
    T^2 n=12: 50000/605496 (in component #1, 190/s, ~48.8 min left)
    T^2 n=12: 55000/605496 (in component #1, 189/s, ~48.6 min left)
    T^2 n=12: 60000/605496 (in component #1, 188/s, ~48.4 min left)
    T^2 n=12: 65000/605496 (in component #1, 188/s, ~47.8 min left)
    T^2 n=12: 70000/605496 (in component #1, 187/s, ~47.8 min left)
    T^2 n=12: 75000/605496 (in component #1, 187/s, ~47.2 min left)
    T^2 n=12: 80000/605496 (in component #1, 187/s, ~46.9 min left)
    T^2 n=12: 85000/605496 (in component #1, 186/s, ~46.6 min left)
    T^2 n=12: 90000/605496 (in component #1, 185/s, ~46.5 min left)
    T^2 n=12: 95000/605496 (in component #1, 182/s, ~46.9 min left)
    T^2 n=12: 100000/605496 (in component #1, 180/s, ~46.9 min left)
    T^2 n=12: 105000/605496 (in component #1, 179/s, ~46.5 min left)
    T^2 n=12: 110000/605496 (in component #1, 179/s, ~46.2 min left)
    T^2 n=12: 115000/605496 (in component #1, 178/s, ~46.0 min left)
    T^2 n=12: 120000/605496 (in component #1, 177/s, ~45.8 min left)
    T^2 n=12: 125000/605496 (in component #1, 176/s, ~45.4 min left)
    T^2 n=12: 130000/605496 (in component #1, 176/s, ~45.0 min left)
    T^2 n=12: 135000/605496 (in component #1, 177/s, ~44.4 min left)
    T^2 n=12: 140000/605496 (in component #1, 176/s, ~44.1 min left)
    T^2 n=12: 145000/605496 (in component #1, 175/s, ~43.8 min left)
    T^2 n=12: 150000/605496 (in component #1, 175/s, ~43.3 min left)
    T^2 n=12: 155000/605496 (in component #1, 175/s, ~42.9 min left)
    T^2 n=12: 160000/605496 (in component #1, 174/s, ~42.6 min left)
    T^2 n=12: 165000/605496 (in component #1, 174/s, ~42.3 min left)
    T^2 n=12: 170000/605496 (in component #1, 173/s, ~41.9 min left)
    T^2 n=12: 175000/605496 (in component #1, 173/s, ~41.5 min left)
    T^2 n=12: 180000/605496 (in component #1, 172/s, ~41.2 min left)
    T^2 n=12: 185000/605496 (in component #1, 171/s, ~41.0 min left)
    T^2 n=12: 190000/605496 (in component #1, 170/s, ~40.8 min left)
    T^2 n=12: 195000/605496 (in component #1, 168/s, ~40.6 min left)
    T^2 n=12: 200000/605496 (in component #1, 168/s, ~40.2 min left)
    T^2 n=12: 205000/605496 (in component #1, 168/s, ~39.7 min left)
    T^2 n=12: 210000/605496 (in component #1, 168/s, ~39.3 min left)
    T^2 n=12: 215000/605496 (in component #1, 168/s, ~38.8 min left)
    T^2 n=12: 220000/605496 (in component #1, 167/s, ~38.4 min left)
    T^2 n=12: 225000/605496 (in component #1, 167/s, ~37.9 min left)
    T^2 n=12: 230000/605496 (in component #1, 167/s, ~37.5 min left)
    T^2 n=12: 235000/605496 (in component #1, 166/s, ~37.1 min left)
    T^2 n=12: 240000/605496 (in component #1, 166/s, ~36.6 min left)
    T^2 n=12: 245000/605496 (in component #1, 166/s, ~36.1 min left)
    T^2 n=12: 250000/605496 (in component #1, 166/s, ~35.6 min left)
    T^2 n=12: 255000/605496 (in component #1, 166/s, ~35.1 min left)
    T^2 n=12: 260000/605496 (in component #1, 166/s, ~34.7 min left)
    T^2 n=12: 265000/605496 (in component #1, 165/s, ~34.3 min left)
    T^2 n=12: 270000/605496 (in component #1, 165/s, ~33.9 min left)
    T^2 n=12: 275000/605496 (in component #1, 165/s, ~33.3 min left)
    T^2 n=12: 280000/605496 (in component #1, 165/s, ~32.8 min left)
    T^2 n=12: 285000/605496 (in component #1, 165/s, ~32.4 min left)
    T^2 n=12: 290000/605496 (in component #1, 165/s, ~31.9 min left)
    T^2 n=12: 295000/605496 (in component #1, 164/s, ~31.5 min left)
    T^2 n=12: 300000/605496 (in component #1, 164/s, ~31.0 min left)
    T^2 n=12: 305000/605496 (in component #1, 164/s, ~30.5 min left)
    T^2 n=12: 310000/605496 (in component #1, 164/s, ~30.0 min left)
    T^2 n=12: 315000/605496 (in component #1, 164/s, ~29.6 min left)
    T^2 n=12: 320000/605496 (in component #1, 163/s, ~29.1 min left)
    T^2 n=12: 325000/605496 (in component #1, 163/s, ~28.8 min left)
    T^2 n=12: 330000/605496 (in component #1, 162/s, ~28.4 min left)
    T^2 n=12: 335000/605496 (in component #1, 161/s, ~27.9 min left)
    T^2 n=12: 340000/605496 (in component #1, 161/s, ~27.6 min left)
    T^2 n=12: 345000/605496 (in component #1, 160/s, ~27.1 min left)
    T^2 n=12: 350000/605496 (in component #1, 160/s, ~26.6 min left)
    T^2 n=12: 355000/605496 (in component #1, 160/s, ~26.1 min left)
    T^2 n=12: 360000/605496 (in component #1, 160/s, ~25.6 min left)
    T^2 n=12: 365000/605496 (in component #1, 160/s, ~25.1 min left)
    T^2 n=12: 370000/605496 (in component #1, 160/s, ~24.6 min left)
    T^2 n=12: 375000/605496 (in component #1, 159/s, ~24.1 min left)
    T^2 n=12: 380000/605496 (in component #1, 159/s, ~23.6 min left)
    T^2 n=12: 385000/605496 (in component #1, 159/s, ~23.1 min left)
    T^2 n=12: 390000/605496 (in component #1, 159/s, ~22.6 min left)
    T^2 n=12: 395000/605496 (in component #1, 158/s, ~22.1 min left)
    T^2 n=12: 400000/605496 (in component #1, 158/s, ~21.6 min left)
    T^2 n=12: 405000/605496 (in component #1, 158/s, ~21.1 min left)
    T^2 n=12: 410000/605496 (in component #1, 158/s, ~20.6 min left)
    T^2 n=12: 415000/605496 (in component #1, 158/s, ~20.1 min left)
    T^2 n=12: 420000/605496 (in component #1, 158/s, ~19.6 min left)
    T^2 n=12: 425000/605496 (in component #1, 157/s, ~19.1 min left)
    T^2 n=12: 430000/605496 (in component #1, 157/s, ~18.6 min left)
    T^2 n=12: 435000/605496 (in component #1, 157/s, ~18.1 min left)
    T^2 n=12: 440000/605496 (in component #1, 157/s, ~17.6 min left)
    T^2 n=12: 445000/605496 (in component #1, 157/s, ~17.1 min left)
    T^2 n=12: 450000/605496 (in component #1, 157/s, ~16.5 min left)
    T^2 n=12: 455000/605496 (in component #1, 156/s, ~16.0 min left)
    T^2 n=12: 460000/605496 (in component #1, 156/s, ~15.5 min left)
    T^2 n=12: 465000/605496 (in component #1, 156/s, ~15.0 min left)
    T^2 n=12: 470000/605496 (in component #1, 156/s, ~14.5 min left)
    T^2 n=12: 475000/605496 (in component #1, 155/s, ~14.0 min left)
    T^2 n=12: 480000/605496 (in component #1, 155/s, ~13.5 min left)
    T^2 n=12: 485000/605496 (in component #1, 155/s, ~13.0 min left)
    T^2 n=12: 490000/605496 (in component #1, 154/s, ~12.5 min left)
    T^2 n=12: 495000/605496 (in component #1, 154/s, ~12.0 min left)
    T^2 n=12: 500000/605496 (in component #1, 154/s, ~11.4 min left)
    T^2 n=12: 505000/605496 (in component #1, 154/s, ~10.9 min left)
    T^2 n=12: 510000/605496 (in component #1, 153/s, ~10.4 min left)
    T^2 n=12: 515000/605496 (in component #1, 153/s, ~9.8 min left)
    T^2 n=12: 520000/605496 (in component #1, 153/s, ~9.3 min left)
    T^2 n=12: 525000/605496 (in component #1, 153/s, ~8.8 min left)
    T^2 n=12: 530000/605496 (in component #1, 153/s, ~8.2 min left)
    T^2 n=12: 535000/605496 (in component #1, 153/s, ~7.7 min left)
    T^2 n=12: 540000/605496 (in component #1, 153/s, ~7.1 min left)
    T^2 n=12: 545000/605496 (in component #1, 153/s, ~6.6 min left)
    T^2 n=12: 550000/605496 (in component #1, 153/s, ~6.1 min left)
    T^2 n=12: 555000/605496 (in component #1, 152/s, ~5.5 min left)
    T^2 n=12: 560000/605496 (in component #1, 152/s, ~5.0 min left)
    T^2 n=12: 565000/605496 (in component #1, 152/s, ~4.4 min left)
    T^2 n=12: 570000/605496 (in component #1, 152/s, ~3.9 min left)
    T^2 n=12: 575000/605496 (in component #1, 151/s, ~3.4 min left)
    T^2 n=12: 580000/605496 (in component #1, 137/s, ~3.1 min left)
    T^2 n=12: 585000/605496 (in component #1, 133/s, ~2.6 min left)
    T^2 n=12: 590000/605496 (in component #1, 134/s, ~1.9 min left)
    T^2 n=12: 595000/605496 (in component #1, 132/s, ~1.3 min left)
    T^2 n=12: 600000/605496 (in component #1, 132/s, ~0.7 min left)
    T^2 n=12: 605000/605496 (in component #1, 133/s, ~0.1 min left)
  T^2 n=12: 605496 triangulations, 1 components (4575.5s)
  Sigma_2 n=10: 865 triangulations, 1 components (2.3s)
    Sigma_2 n=11: 5000/113506 (in component #1, 265/s, ~6.8 min left)
    Sigma_2 n=11: 10000/113506 (in component #1, 253/s, ~6.8 min left)
    Sigma_2 n=11: 15000/113506 (in component #1, 246/s, ~6.7 min left)
    Sigma_2 n=11: 20000/113506 (in component #1, 251/s, ~6.2 min left)
    Sigma_2 n=11: 25000/113506 (in component #1, 249/s, ~5.9 min left)
    Sigma_2 n=11: 30000/113506 (in component #1, 246/s, ~5.7 min left)
    Sigma_2 n=11: 35000/113506 (in component #1, 246/s, ~5.3 min left)
    Sigma_2 n=11: 40000/113506 (in component #1, 242/s, ~5.1 min left)
    Sigma_2 n=11: 45000/113506 (in component #1, 240/s, ~4.8 min left)
    Sigma_2 n=11: 50000/113506 (in component #1, 241/s, ~4.4 min left)
    Sigma_2 n=11: 55000/113506 (in component #1, 240/s, ~4.1 min left)
    Sigma_2 n=11: 60000/113506 (in component #1, 239/s, ~3.7 min left)
    Sigma_2 n=11: 65000/113506 (in component #1, 237/s, ~3.4 min left)
    Sigma_2 n=11: 70000/113506 (in component #1, 236/s, ~3.1 min left)
    Sigma_2 n=11: 75000/113506 (in component #1, 235/s, ~2.7 min left)
    Sigma_2 n=11: 80000/113506 (in component #1, 235/s, ~2.4 min left)
    Sigma_2 n=11: 85000/113506 (in component #1, 233/s, ~2.0 min left)
    Sigma_2 n=11: 90000/113506 (in component #1, 232/s, ~1.7 min left)
    Sigma_2 n=11: 95000/113506 (in component #1, 232/s, ~1.3 min left)
    Sigma_2 n=11: 100000/113506 (in component #1, 232/s, ~1.0 min left)
    Sigma_2 n=11: 105000/113506 (in component #1, 231/s, ~0.6 min left)
    Sigma_2 n=11: 110000/113506 (in component #1, 231/s, ~0.3 min left)
  Sigma_2 n=11: 113506 triangulations, 1 components (493.9s)
  Sigma_3 n=10: 20 triangulations, 4 components (0.1s)
    Sigma_3 n=11: 5000/65878 (in component #1, 256/s, ~4.0 min left)
    Sigma_3 n=11: 10000/65878 (in component #1, 259/s, ~3.6 min left)
    Sigma_3 n=11: 15000/65878 (in component #1, 259/s, ~3.3 min left)
    Sigma_3 n=11: 20000/65878 (in component #1, 260/s, ~2.9 min left)
    Sigma_3 n=11: 25000/65878 (in component #1, 261/s, ~2.6 min left)
    Sigma_3 n=11: 30000/65878 (in component #1, 261/s, ~2.3 min left)
    Sigma_3 n=11: 35000/65878 (in component #1, 262/s, ~2.0 min left)
    Sigma_3 n=11: 40000/65878 (in component #1, 264/s, ~1.6 min left)
    Sigma_3 n=11: 45000/65878 (in component #1, 264/s, ~1.3 min left)
    Sigma_3 n=11: 50000/65878 (in component #1, 264/s, ~1.0 min left)
    Sigma_3 n=11: 55000/65878 (in component #1, 263/s, ~0.7 min left)
    Sigma_3 n=11: 60000/65878 (in component #1, 265/s, ~0.4 min left)
    Sigma_3 n=11: 65000/65878 (in component #1, 266/s, ~0.1 min left)
  Sigma_3 n=11: 65878 triangulations, 1 components (247.5s)
      distance BFS 1/3: 5000 expanded, 12702 labelled, 2 target(s) left
      distance BFS 1/3: 10000 expanded, 22332 labelled, 2 target(s) left
      distance BFS 1/3: 15000 expanded, 29236 labelled, 1 target(s) left
      distance BFS 1/3: 20000 expanded, 36705 labelled, 1 target(s) left
      distance BFS 1/3: 25000 expanded, 41749 labelled, 1 target(s) left
      distance BFS 1/3: 30000 expanded, 46564 labelled, 1 target(s) left
      distance BFS 1/3: 35000 expanded, 51428 labelled, 1 target(s) left
      distance BFS 1/3: 40000 expanded, 55464 labelled, 1 target(s) left
      distance BFS 1/3: 45000 expanded, 58536 labelled, 1 target(s) left
      distance BFS 1/3: 50000 expanded, 61605 labelled, 1 target(s) left
      distance BFS 1/3: 55000 expanded, 64070 labelled, 1 target(s) left
      distance BFS 1/3: 60000 expanded, 65312 labelled, 1 target(s) left
      distance BFS 1/3: 65000 expanded, 65863 labelled, 1 target(s) left
      distance BFS 2/3: 5000 expanded, 11732 labelled, 2 target(s) left
      distance BFS 2/3: 10000 expanded, 21399 labelled, 1 target(s) left
      distance BFS 2/3: 15000 expanded, 29812 labelled, 1 target(s) left
      distance BFS 2/3: 20000 expanded, 37675 labelled, 1 target(s) left
      distance BFS 2/3: 25000 expanded, 44277 labelled, 1 target(s) left
      distance BFS 2/3: 30000 expanded, 49798 labelled, 1 target(s) left
      distance BFS 2/3: 35000 expanded, 54444 labelled, 1 target(s) left
      distance BFS 2/3: 40000 expanded, 58483 labelled, 1 target(s) left
      distance BFS 2/3: 45000 expanded, 61101 labelled, 1 target(s) left
      distance BFS 2/3: 50000 expanded, 63087 labelled, 1 target(s) left
      distance BFS 3/3: 5000 expanded, 11321 labelled, 1 target(s) left
      distance BFS 3/3: 10000 expanded, 20419 labelled, 1 target(s) left
      distance BFS 3/3: 15000 expanded, 28458 labelled, 1 target(s) left
      distance BFS 3/3: 20000 expanded, 34010 labelled, 1 target(s) left
      distance BFS 3/3: 25000 expanded, 40000 labelled, 1 target(s) left
      distance BFS 3/3: 30000 expanded, 45161 labelled, 1 target(s) left
      distance BFS 3/3: 35000 expanded, 49327 labelled, 1 target(s) left
      distance BFS 3/3: 40000 expanded, 54372 labelled, 1 target(s) left
      distance BFS 3/3: 45000 expanded, 58071 labelled, 1 target(s) left
      distance BFS 3/3: 50000 expanded, 60890 labelled, 1 target(s) left
      distance BFS 3/3: 55000 expanded, 63668 labelled, 1 target(s) left
      distance BFS 3/3: 60000 expanded, 65122 labelled, 1 target(s) left
      distance BFS 3/3: 65000 expanded, 65856 labelled, 1 target(s) left
  Sigma_4 n=11: 821 triangulations, 12 components (1.9s)
  Sigma_6 n=12: 59 triangulations, 59 components (0.0s)
  N_3 n=9: 133 triangulations, 1 components (0.3s)
    N_3 n=10: 5000/11784 (in component #1, 324/s, ~0.3 min left)
    N_3 n=10: 10000/11784 (in component #1, 323/s, ~0.1 min left)
  N_3 n=10: 11784 triangulations, 1 components (36.1s)
    N_3 n=11: 5000/530278 (in component #1, 247/s, ~35.4 min left)
    N_3 n=11: 10000/530278 (in component #1, 236/s, ~36.7 min left)
    N_3 n=11: 15000/530278 (in component #1, 237/s, ~36.3 min left)
    N_3 n=11: 20000/530278 (in component #1, 230/s, ~37.0 min left)
    N_3 n=11: 25000/530278 (in component #1, 230/s, ~36.6 min left)
    N_3 n=11: 30000/530278 (in component #1, 229/s, ~36.4 min left)
    N_3 n=11: 35000/530278 (in component #1, 226/s, ~36.6 min left)
    N_3 n=11: 40000/530278 (in component #1, 224/s, ~36.4 min left)
    N_3 n=11: 45000/530278 (in component #1, 225/s, ~36.0 min left)
    N_3 n=11: 50000/530278 (in component #1, 225/s, ~35.6 min left)
    N_3 n=11: 55000/530278 (in component #1, 220/s, ~35.9 min left)
    N_3 n=11: 60000/530278 (in component #1, 219/s, ~35.8 min left)
    N_3 n=11: 65000/530278 (in component #1, 218/s, ~35.5 min left)
    N_3 n=11: 70000/530278 (in component #1, 219/s, ~35.0 min left)
    N_3 n=11: 75000/530278 (in component #1, 218/s, ~34.8 min left)
    N_3 n=11: 80000/530278 (in component #1, 219/s, ~34.3 min left)
    N_3 n=11: 85000/530278 (in component #1, 218/s, ~34.1 min left)
    N_3 n=11: 90000/530278 (in component #1, 215/s, ~34.1 min left)
    N_3 n=11: 95000/530278 (in component #1, 214/s, ~33.9 min left)
    N_3 n=11: 100000/530278 (in component #1, 214/s, ~33.4 min left)
    N_3 n=11: 105000/530278 (in component #1, 214/s, ~33.2 min left)
    N_3 n=11: 110000/530278 (in component #1, 213/s, ~32.8 min left)
    N_3 n=11: 115000/530278 (in component #1, 214/s, ~32.4 min left)
    N_3 n=11: 120000/530278 (in component #1, 214/s, ~32.0 min left)
    N_3 n=11: 125000/530278 (in component #1, 214/s, ~31.6 min left)
    N_3 n=11: 130000/530278 (in component #1, 213/s, ~31.4 min left)
    N_3 n=11: 135000/530278 (in component #1, 211/s, ~31.2 min left)
    N_3 n=11: 140000/530278 (in component #1, 210/s, ~31.0 min left)
    N_3 n=11: 145000/530278 (in component #1, 209/s, ~30.8 min left)
    N_3 n=11: 150000/530278 (in component #1, 209/s, ~30.3 min left)
    N_3 n=11: 155000/530278 (in component #1, 208/s, ~30.1 min left)
    N_3 n=11: 160000/530278 (in component #1, 208/s, ~29.6 min left)
    N_3 n=11: 165000/530278 (in component #1, 208/s, ~29.2 min left)
    N_3 n=11: 170000/530278 (in component #1, 208/s, ~28.8 min left)
    N_3 n=11: 175000/530278 (in component #1, 208/s, ~28.5 min left)
    N_3 n=11: 180000/530278 (in component #1, 207/s, ~28.2 min left)
    N_3 n=11: 185000/530278 (in component #1, 207/s, ~27.8 min left)
    N_3 n=11: 190000/530278 (in component #1, 207/s, ~27.4 min left)
    N_3 n=11: 195000/530278 (in component #1, 206/s, ~27.1 min left)
    N_3 n=11: 200000/530278 (in component #1, 205/s, ~26.9 min left)
    N_3 n=11: 205000/530278 (in component #1, 204/s, ~26.6 min left)
    N_3 n=11: 210000/530278 (in component #1, 203/s, ~26.3 min left)
    N_3 n=11: 215000/530278 (in component #1, 202/s, ~26.0 min left)
    N_3 n=11: 220000/530278 (in component #1, 202/s, ~25.6 min left)
    N_3 n=11: 225000/530278 (in component #1, 202/s, ~25.1 min left)
    N_3 n=11: 230000/530278 (in component #1, 201/s, ~24.8 min left)
    N_3 n=11: 235000/530278 (in component #1, 201/s, ~24.5 min left)
    N_3 n=11: 240000/530278 (in component #1, 201/s, ~24.1 min left)
    N_3 n=11: 245000/530278 (in component #1, 201/s, ~23.7 min left)
    N_3 n=11: 250000/530278 (in component #1, 201/s, ~23.3 min left)
    N_3 n=11: 255000/530278 (in component #1, 200/s, ~22.9 min left)
    N_3 n=11: 260000/530278 (in component #1, 200/s, ~22.5 min left)
    N_3 n=11: 265000/530278 (in component #1, 200/s, ~22.1 min left)
    N_3 n=11: 270000/530278 (in component #1, 199/s, ~21.8 min left)
    N_3 n=11: 275000/530278 (in component #1, 198/s, ~21.5 min left)
    N_3 n=11: 280000/530278 (in component #1, 197/s, ~21.1 min left)
    N_3 n=11: 285000/530278 (in component #1, 197/s, ~20.8 min left)
    N_3 n=11: 290000/530278 (in component #1, 197/s, ~20.4 min left)
    N_3 n=11: 295000/530278 (in component #1, 197/s, ~19.9 min left)
    N_3 n=11: 300000/530278 (in component #1, 196/s, ~19.5 min left)
    N_3 n=11: 305000/530278 (in component #1, 196/s, ~19.1 min left)
    N_3 n=11: 310000/530278 (in component #1, 196/s, ~18.7 min left)
    N_3 n=11: 315000/530278 (in component #1, 196/s, ~18.3 min left)
    N_3 n=11: 320000/530278 (in component #1, 197/s, ~17.8 min left)
    N_3 n=11: 325000/530278 (in component #1, 197/s, ~17.4 min left)
    N_3 n=11: 330000/530278 (in component #1, 196/s, ~17.0 min left)
    N_3 n=11: 335000/530278 (in component #1, 196/s, ~16.6 min left)
    N_3 n=11: 340000/530278 (in component #1, 196/s, ~16.2 min left)
    N_3 n=11: 345000/530278 (in component #1, 196/s, ~15.8 min left)
    N_3 n=11: 350000/530278 (in component #1, 196/s, ~15.3 min left)
    N_3 n=11: 355000/530278 (in component #1, 196/s, ~14.9 min left)
    N_3 n=11: 360000/530278 (in component #1, 195/s, ~14.5 min left)
    N_3 n=11: 365000/530278 (in component #1, 195/s, ~14.2 min left)
    N_3 n=11: 370000/530278 (in component #1, 194/s, ~13.8 min left)
    N_3 n=11: 375000/530278 (in component #1, 194/s, ~13.4 min left)
    N_3 n=11: 380000/530278 (in component #1, 193/s, ~13.0 min left)
    N_3 n=11: 385000/530278 (in component #1, 193/s, ~12.5 min left)
    N_3 n=11: 390000/530278 (in component #1, 193/s, ~12.1 min left)
    N_3 n=11: 395000/530278 (in component #1, 193/s, ~11.7 min left)
    N_3 n=11: 400000/530278 (in component #1, 193/s, ~11.3 min left)
    N_3 n=11: 405000/530278 (in component #1, 193/s, ~10.8 min left)
    N_3 n=11: 410000/530278 (in component #1, 192/s, ~10.4 min left)
    N_3 n=11: 415000/530278 (in component #1, 192/s, ~10.0 min left)
    N_3 n=11: 420000/530278 (in component #1, 192/s, ~9.6 min left)
    N_3 n=11: 425000/530278 (in component #1, 192/s, ~9.1 min left)
    N_3 n=11: 430000/530278 (in component #1, 192/s, ~8.7 min left)
    N_3 n=11: 435000/530278 (in component #1, 192/s, ~8.3 min left)
    N_3 n=11: 440000/530278 (in component #1, 191/s, ~7.9 min left)
    N_3 n=11: 445000/530278 (in component #1, 191/s, ~7.4 min left)
    N_3 n=11: 450000/530278 (in component #1, 191/s, ~7.0 min left)
    N_3 n=11: 455000/530278 (in component #1, 191/s, ~6.6 min left)
    N_3 n=11: 460000/530278 (in component #1, 191/s, ~6.1 min left)
    N_3 n=11: 465000/530278 (in component #1, 191/s, ~5.7 min left)
    N_3 n=11: 470000/530278 (in component #1, 191/s, ~5.3 min left)
    N_3 n=11: 475000/530278 (in component #1, 191/s, ~4.8 min left)
    N_3 n=11: 480000/530278 (in component #1, 190/s, ~4.4 min left)
    N_3 n=11: 485000/530278 (in component #1, 190/s, ~4.0 min left)
    N_3 n=11: 490000/530278 (in component #1, 190/s, ~3.5 min left)
    N_3 n=11: 495000/530278 (in component #1, 190/s, ~3.1 min left)
    N_3 n=11: 500000/530278 (in component #1, 190/s, ~2.7 min left)
    N_3 n=11: 505000/530278 (in component #1, 141/s, ~3.0 min left)
    N_3 n=11: 510000/530278 (in component #1, 141/s, ~2.4 min left)
    N_3 n=11: 515000/530278 (in component #1, 111/s, ~2.3 min left)
    N_3 n=11: 520000/530278 (in component #1, 112/s, ~1.5 min left)
    N_3 n=11: 525000/530278 (in component #1, 92/s, ~1.0 min left)
    N_3 n=11: 530000/530278 (in component #1, 93/s, ~0.0 min left)
  N_3 n=11: 530278 triangulations, 1 components (5722.1s)
  N_4 n=9: 37 triangulations, 3 components (0.1s)
    N_4 n=10: 5000/13657 (in component #1, 343/s, ~0.4 min left)
    N_4 n=10: 10000/13657 (in component #1, 343/s, ~0.2 min left)
  N_4 n=10: 13657 triangulations, 1 components (38.5s)
  N_6 n=10: 1022 triangulations, 22 components (2.2s)
  N_7 n=10: 14 triangulations, 14 components (0.0s)

  surface  chi   n    #tri  comps                  sizes  nbrn*  minD  ->img         fibers  newborn  maxfib  dist
------------------------------------------------------------------------------------------------------------------
      T^2    0  12  605496      1               [605496]      0     3      -              -        -       -     -
  Sigma_2   -2  10     865      1                  [865]     1!     4      1            [1]        0       1     0
  Sigma_2   -2  11  113506      1               [113506]      0     3      -              -        -       -     -
  Sigma_3   -4  10      20      4          [13, 5, 1, 1]     4!     6      1            [4]        0       4    17
  Sigma_3   -4  11   65878      1                [65878]      0     3      -              -        -       -     -
  Sigma_4   -6  11     821     12 [786, 9, 4, 4, 3, 3...    12!     6      -              -        -       -     -
  Sigma_6  -10  12      59     59 [1, 1, 1, 1, 1, 1, ...    59!    11      -              -        -       -     -
      N_3   -1   9     133      1                  [133]     1!     4      1            [1]        0       1     0
      N_3   -1  10   11784      1                [11784]      0     3      1            [1]        0       1     0
      N_3   -1  11  530278      1               [530278]      0     3      -              -        -       -     -
      N_4   -2   9      37      3             [32, 3, 2]     3!     5      1            [3]        0       3    13
      N_4   -2  10   13657      1                [13657]      0     3      -              -        -       -     -
      N_6   -4  10    1022     22 [363, 297, 253, 24,...    22!     6      -              -        -       -     -
      N_7   -5  10      14     14 [1, 1, 1, 1, 1, 1, ...    14!     9      -              -        -       -     -

==================================================================
T^2  (chi = 0, orientable)  level n = 12
==================================================================
  triangulations: 605496
  components of F(n): 1  sizes [605496]
  minimum vertex number for this surface: 7
  newborn at this level (no member is a subdivision): 0 of 1
  minimum vertex degree per component: [3]
  (no level n+1 data; stabilization not computed)

==================================================================
Sigma_2  (chi = -2, orientable)  level n = 10
==================================================================
  triangulations: 865
  components of F(n): 1  sizes [865]
  minimum vertex number for this surface: 10
  n is MINIMAL: no triangulation can have a degree-3 vertex, so all 1 component(s) are newborn vacuously
  minimum vertex degree per component: [4]
  components of F(n+1): 1  sizes [113506]
  image of s_10: 1 component(s)
  fibers: [1]   largest = 1
    component 0 at n+1  <-  components [0] at n
  newly born at n+1: 0
  coalescence distance: 0
  newborn cross-check: fibers [] vs degree-3 [] -- AGREE
  lift-fiber check: 20760 subdivisions, 0 violations
  ALL components merge at n+1 (absorption time 1)

==================================================================
Sigma_2  (chi = -2, orientable)  level n = 11
==================================================================
  triangulations: 113506
  components of F(n): 1  sizes [113506]
  minimum vertex number for this surface: 10
  newborn at this level (no member is a subdivision): 0 of 1
  minimum vertex degree per component: [3]
  (no level n+1 data; stabilization not computed)

==================================================================
Sigma_3  (chi = -4, orientable)  level n = 10
==================================================================
  triangulations: 20
  components of F(n): 4  sizes [13, 5, 1, 1]
  minimum vertex number for this surface: 10
  n is MINIMAL: no triangulation can have a degree-3 vertex, so all 4 component(s) are newborn vacuously
  minimum vertex degree per component: [6, 6, 8, 7]
  components of F(n+1): 1  sizes [65878]
  image of s_10: 1 component(s)
  fibers: [4]   largest = 4
    component 0 at n+1  <-  components [0, 1, 2, 3] at n
  newly born at n+1: 0
  coalescence distance: 17  (between components [2, 3] of F(10))
  newborn cross-check: fibers [] vs degree-3 [] -- AGREE
  lift-fiber check: 560 subdivisions, 0 violations
  ALL components merge at n+1 (absorption time 1)

==================================================================
Sigma_3  (chi = -4, orientable)  level n = 11
==================================================================
  triangulations: 65878
  components of F(n): 1  sizes [65878]
  minimum vertex number for this surface: 10
  newborn at this level (no member is a subdivision): 0 of 1
  minimum vertex degree per component: [3]
  (no level n+1 data; stabilization not computed)

==================================================================
Sigma_4  (chi = -6, orientable)  level n = 11
==================================================================
  triangulations: 821
  components of F(n): 12  sizes [786, 9, 4, 4, 3, 3, 3, 3, 3, 1, 1, 1]
  minimum vertex number for this surface: 11
  n is MINIMAL: no triangulation can have a degree-3 vertex, so all 12 component(s) are newborn vacuously
  minimum vertex degree per component: [6, 8, 8, 8, 8, 8, 8, 8, 7, 9, 8, 8]
  (no level n+1 data; stabilization not computed)

==================================================================
Sigma_6  (chi = -10, orientable)  level n = 12
==================================================================
  triangulations: 59
  components of F(n): 59  sizes [1, 1, 1, 1, 1, 1, 1, 1, 1, 1, 1, 1, 1, 1, 1, 1, 1, 1, 1, 1, 1, 1, 1, 1, 1, 1, 1, 1, 1, 1, 1, 1, 1, 1, 1, 1, 1, 1, 1, 1, 1, 1, 1, 1, 1, 1, 1, 1, 1, 1, 1, 1, 1, 1, 1, 1, 1, 1, 1]
  minimum vertex number for this surface: 12
  n is MINIMAL: no triangulation can have a degree-3 vertex, so all 59 component(s) are newborn vacuously
  minimum vertex degree per component: [11, 11, 11, 11, 11, 11, 11, 11, 11, 11, 11, 11, 11, 11, 11, 11, 11, 11, 11, 11, 11, 11, 11, 11, 11, 11, 11, 11, 11, 11, 11, 11, 11, 11, 11, 11, 11, 11, 11, 11, 11, 11, 11, 11, 11, 11, 11, 11, 11, 11, 11, 11, 11, 11, 11, 11, 11, 11, 11]
  (no level n+1 data; stabilization not computed)

==================================================================
N_3  (chi = -1, nonorientable)  level n = 9
==================================================================
  triangulations: 133
  components of F(n): 1  sizes [133]
  minimum vertex number for this surface: 9
  n is MINIMAL: no triangulation can have a degree-3 vertex, so all 1 component(s) are newborn vacuously
  minimum vertex degree per component: [4]
  components of F(n+1): 1  sizes [11784]
  image of s_9: 1 component(s)
  fibers: [1]   largest = 1
    component 0 at n+1  <-  components [0] at n
  newly born at n+1: 0
  coalescence distance: 0
  newborn cross-check: fibers [] vs degree-3 [] -- AGREE
  lift-fiber check: 2660 subdivisions, 0 violations
  ALL components merge at n+1 (absorption time 1)

==================================================================
N_3  (chi = -1, nonorientable)  level n = 10
==================================================================
  triangulations: 11784
  components of F(n): 1  sizes [11784]
  minimum vertex number for this surface: 9
  newborn at this level (no member is a subdivision): 0 of 1
  minimum vertex degree per component: [3]
  components of F(n+1): 1  sizes [530278]
  image of s_10: 1 component(s)
  fibers: [1]   largest = 1
    component 0 at n+1  <-  components [0] at n
  newly born at n+1: 0
  coalescence distance: 0
  newborn cross-check: fibers [] vs degree-3 [] -- AGREE
  lift-fiber check: 259248 subdivisions, 0 violations
  ALL components merge at n+1 (absorption time 1)

==================================================================
N_3  (chi = -1, nonorientable)  level n = 11
==================================================================
  triangulations: 530278
  components of F(n): 1  sizes [530278]
  minimum vertex number for this surface: 9
  newborn at this level (no member is a subdivision): 0 of 1
  minimum vertex degree per component: [3]
  (no level n+1 data; stabilization not computed)

==================================================================
N_4  (chi = -2, nonorientable)  level n = 9
==================================================================
  triangulations: 37
  components of F(n): 3  sizes [32, 3, 2]
  minimum vertex number for this surface: 9
  n is MINIMAL: no triangulation can have a degree-3 vertex, so all 3 component(s) are newborn vacuously
  minimum vertex degree per component: [5, 6, 6]
  components of F(n+1): 1  sizes [13657]
  image of s_9: 1 component(s)
  fibers: [3]   largest = 3
    component 0 at n+1  <-  components [0, 1, 2] at n
  newly born at n+1: 0
  coalescence distance: 13  (between components [1, 2] of F(9))
  newborn cross-check: fibers [] vs degree-3 [] -- AGREE
  lift-fiber check: 814 subdivisions, 0 violations
  ALL components merge at n+1 (absorption time 1)

==================================================================
N_4  (chi = -2, nonorientable)  level n = 10
==================================================================
  triangulations: 13657
  components of F(n): 1  sizes [13657]
  minimum vertex number for this surface: 9
  newborn at this level (no member is a subdivision): 0 of 1
  minimum vertex degree per component: [3]
  (no level n+1 data; stabilization not computed)

==================================================================
N_6  (chi = -4, nonorientable)  level n = 10
==================================================================
  triangulations: 1022
  components of F(n): 22  sizes [363, 297, 253, 24, 12, 11, 11, 8, 6, 5, 5, 4, 4, 3, 3, 3, 2, 2, 2, 2, 1, 1]
  minimum vertex number for this surface: 10
  n is MINIMAL: no triangulation can have a degree-3 vertex, so all 22 component(s) are newborn vacuously
  minimum vertex degree per component: [6, 6, 6, 6, 6, 7, 6, 6, 7, 6, 7, 6, 7, 7, 7, 7, 7, 7, 7, 7, 8, 7]
  (no level n+1 data; stabilization not computed)

==================================================================
N_7  (chi = -5, nonorientable)  level n = 10
==================================================================
  triangulations: 14
  components of F(n): 14  sizes [1, 1, 1, 1, 1, 1, 1, 1, 1, 1, 1, 1, 1, 1]
  minimum vertex number for this surface: 10
  n is MINIMAL: no triangulation can have a degree-3 vertex, so all 14 component(s) are newborn vacuously
  minimum vertex degree per component: [9, 9, 9, 9, 9, 9, 9, 9, 9, 9, 9, 9, 9, 9]
  (no level n+1 data; stabilization not computed)

wrote survey.json
wrote survey.csv

lift-fiber lemma: 284042 subdivisions checked, 0 violations
